// Jest Snapshot v1, https://goo.gl/fbAQLP

exports[`should render FavoriteLocation 1`] = `
<li
  className="favorites__locations-items"
>
  <div
    className="favorites__locations locations locations--current"
  >
    <div
      className="locations__item"
    >
      <a
        className="locations__item-link"
        href="#"
      >
        <span>
          Paris
        </span>
      </a>
    </div>
  </div>
  <div
    className="favorites__places"
  >
    <article
      className="favorites__card place-card"
      onMouseOver={[Function]}
    >
      <div
        className="place-card__mark"
      >
        <span>
          Premium
        </span>
      </div>
      <div
        className="favorites__image-wrapper place-card__image-wrapper"
      >
        <a
          href="#"
        >
          <img
            alt="Beautiful & luxurious apartment at great location"
            className="place-card__image"
            height={110}
            src="img/apartment-02.jpg"
            width={150}
          />
        </a>
      </div>
      <div
        className="favorites__card-info place-card__info"
      >
        <div
          className="place-card__price-wrapper"
        >
          <div
            className="place-card__price"
          >
            <b
              className="place-card__price-value"
            >
              €
              35
            </b>
            <span
              className="place-card__price-text"
            >
              / night
            </span>
          </div>
          <button
            className="place-card__bookmark-button button"
            onClick={[Function]}
            type="button"
          >
            <svg
              className="place-card__bookmark-icon"
              height={19}
              width={18}
            >
              <use
                xlinkHref="#icon-bookmark"
              />
            </svg>
            <span
              className="visually-hidden"
            >
              To bookmarks
            </span>
          </button>
        </div>
        <div
          className="place-card__rating rating"
        >
          <div
            className="place-card__stars rating__stars"
          >
            <span
              style={
                Object {
                  "width": "20%",
                }
              }
            />
            <span
              className="visually-hidden"
            >
              Rating
            </span>
          </div>
        </div>
        <h2
          className="place-card__name"
          onClick={[Function]}
        >
          <a
            href="/offer/bkjnlkmlkms"
            onClick={[Function]}
          >
            Beautiful & luxurious apartment at great location
          </a>
        </h2>
        <p
          className="place-card__type"
        >
          Apartment
        </p>
      </div>
    </article>
    <article
      className="favorites__card place-card"
      onMouseOver={[Function]}
    >
      
      <div
        className="favorites__image-wrapper place-card__image-wrapper"
      >
        <a
          href="#"
        >
          <img
            alt="Wood and stone place"
            className="place-card__image"
            height={110}
            src="img/apartment-01.jpg"
            width={150}
          />
        </a>
      </div>
      <div
        className="favorites__card-info place-card__info"
      >
        <div
          className="place-card__price-wrapper"
        >
          <div
            className="place-card__price"
          >
            <b
              className="place-card__price-value"
            >
              €
              25
            </b>
            <span
              className="place-card__price-text"
            >
              / night
            </span>
          </div>
          <button
            className="place-card__bookmark-button button place-card__bookmark-button--active"
            onClick={[Function]}
            type="button"
          >
            <svg
              className="place-card__bookmark-icon"
              height={19}
              width={18}
            >
              <use
                xlinkHref="#icon-bookmark"
              />
            </svg>
            <span
              className="visually-hidden"
            >
              To bookmarks
            </span>
          </button>
        </div>
        <div
          className="place-card__rating rating"
        >
          <div
            className="place-card__stars rating__stars"
          >
            <span
              style={
                Object {
                  "width": "60%",
                }
              }
            />
            <span
              className="visually-hidden"
            >
              Rating
            </span>
          </div>
        </div>
        <h2
          className="place-card__name"
          onClick={[Function]}
        >
          <a
            href="/offer/jkbsdkjsjldk"
            onClick={[Function]}
          >
            Wood and stone place
          </a>
        </h2>
        <p
          className="place-card__type"
        >
          Hotel
        </p>
      </div>
    </article>
  </div>
</li>
`;
