// Jest Snapshot v1, https://goo.gl/fbAQLP

exports[`should render FavoriteBtn 1`] = `
<button
  className="cities__bookmark-button button"
  onClick={[Function]}
  type="button"
>
  <svg
    className="place-card__bookmark-icon"
    height={210}
    width={260}
  >
    <use
      xlinkHref="#icon-bookmark"
    />
  </svg>
  <span
    className="visually-hidden"
  >
    To bookmarks
  </span>
</button>
`;
