// Jest Snapshot v1, https://goo.gl/fbAQLP

exports[`should render Offer 1`] = `null`;
